208.115.111.73 - - [01/Apr/2013:06:30:26 -0700] "GET /nanowiki/index.php/1_November_2007_-_Day_1 HTTP/1.1" 404 36 "-" "Mozilla/5.0 (compatible; Ezooms/1.0; ezooms.bot@gmail.com)"
61.135.249.54 - - [01/Apr/2013:06:32:29 -0700] "GET / HTTP/1.1" 200 3043 "-" "Mozilla/5.0 (compatible; YodaoBot/1.0; http://www.yodao.com/help/webmaster/spider/; )"
174.37.205.76 - - [01/Apr/2013:06:44:37 -0700] "GET /rss.xml HTTP/1.1" 200 23008 "-" "Mozilla/5.0 (X11; U; Linux x86_64; en-US; rv:1.9.0.19; aggregator:Spinn3r (Spinn3r 3.1); http://spinn3r.com/robot) Gecko/2010040121 Firefox/3.0.19"
174.36.228.156 - - [01/Apr/2013:06:44:57 -0700] "GET / HTTP/1.1" 200 3043 "-" "Mozilla/5.0 (X11; U; Linux x86_64; en-US; rv:1.9.0.19; aggregator:Spinn3r (Spinn3r 3.1); http://spinn3r.com/robot) Gecko/2010040121 Firefox/3.0.19"
69.171.233.1 - - [01/Apr/2013:06:46:40 -0700] "GET /feed/ HTTP/1.1" 404 1278 "-" "Mozilla/5.0 (compatible; FriendFeedBot/0.1; +Http://friendfeed.com/about/bot; 3 subscribers; feed-id=4234539050126265918)"
75.194.190.47 - - [01/Apr/2013:06:56:52 -0700] "GET / HTTP/1.1" 200 3043 "https://www.google.com/" "Mozilla/5.0 (Windows NT 5.1) AppleWebKit/537.31 (KHTML, like Gecko) Chrome/26.0.1410.43 Safari/537.31"
75.194.190.47 - - [01/Apr/2013:06:56:53 -0700] "GET /css/style.css HTTP/1.1" 200 4072 "http://jeremyosborne.com/" "Mozilla/5.0 (Windows NT 5.1) AppleWebKit/537.31 (KHTML, like Gecko) Chrome/26.0.1410.43 Safari/537.31"
72.14.199.207 - - [01/Apr/2013:07:03:22 -0700] "GET /rss.xml HTTP/1.1" 304 0 "-" "Feedfetcher-Google; (+http://www.google.com/feedfetcher.html; 2 subscribers; feed-id=5949273836414294741)"
174.36.241.149 - - [01/Apr/2013:07:14:40 -0700] "GET /rss.xml HTTP/1.1" 200 23008 "-" "Mozilla/5.0 (X11; U; Linux x86_64; en-US; rv:1.9.0.19; aggregator:Spinn3r (Spinn3r 3.1); http://spinn3r.com/robot) Gecko/2010040121 Firefox/3.0.19"
174.36.228.156 - - [01/Apr/2013:07:15:00 -0700] "GET / HTTP/1.1" 200 3043 "-" "Mozilla/5.0 (X11; U; Linux x86_64; en-US; rv:1.9.0.19; aggregator:Spinn3r (Spinn3r 3.1); http://spinn3r.com/robot) Gecko/2010040121 Firefox/3.0.19"
202.46.55.29 - - [01/Apr/2013:07:20:37 -0700] "GET / HTTP/1.1" 200 8007 "-" "Mozilla/4.0 (compatible; MSIE 7.0; Windows NT 6.0)"
119.63.193.132 - - [01/Apr/2013:07:21:11 -0700] "GET / HTTP/1.1" 200 8007 "-" "Mozilla/4.0 (compatible; MSIE 7.0; Windows NT 6.0)"
119.63.196.123 - - [01/Apr/2013:07:25:21 -0700] "GET /posts/ffmpeg_recipes.html HTTP/1.1" 200 1511 "-" "Mozilla/5.0 (compatible; Baiduspider/2.0; +http://www.baidu.com/search/spider.html)"
218.240.38.162 - - [01/Apr/2013:07:32:24 -0700] "GET /feed HTTP/1.1" 404 1278 "-" "Xianguo.com 1 Subscribers"
101.226.169.214 - - [01/Apr/2013:07:37:16 -0700] "GET /share/reference/cssreminders HTTP/1.1" 301 178 "http://jeremyosborne.com/share/reference/cssreminders" "Mozilla/4.0 (compatible; MSIE 8.0; Windows NT 6.1; Trident/4.0; SLCC2; .NET CLR 2.0.50727; .NET CLR 3.5.30729; .NET CLR 3.0.30729; Media Center PC 6.0; MDDR; .NET4.0C; .NET4.0E; .NET CLR 1.1.4322; Tablet PC 2.0); 360Spider"
101.226.169.208 - - [01/Apr/2013:07:37:16 -0700] "GET /share/shootdown/01_mousetracking.html HTTP/1.1" 200 1703 "http://jeremyosborne.com/share/shootdown/01_mousetracking.html" "Mozilla/4.0 (compatible; MSIE 8.0; Windows NT 6.1; Trident/4.0; SLCC2; .NET CLR 2.0.50727; .NET CLR 3.5.30729; .NET CLR 3.0.30729; Media Center PC 6.0; MDDR; .NET4.0C; .NET4.0E; .NET CLR 1.1.4322; Tablet PC 2.0); 360Spider"
101.226.169.208 - - [01/Apr/2013:07:37:16 -0700] "GET /share/shootdown/04_collisions.html HTTP/1.1" 200 3453 "http://jeremyosborne.com/share/shootdown/04_collisions.html" "Mozilla/4.0 (compatible; MSIE 8.0; Windows NT 6.1; Trident/4.0; SLCC2; .NET CLR 2.0.50727; .NET CLR 3.5.30729; .NET CLR 3.0.30729; Media Center PC 6.0; MDDR; .NET4.0C; .NET4.0E; .NET CLR 1.1.4322; Tablet PC 2.0); 360Spider"
101.226.169.214 - - [01/Apr/2013:07:37:17 -0700] "GET /share/reference/cssreminders/ HTTP/1.1" 200 5557 "http://jeremyosborne.com/share/reference/cssreminders/" "Mozilla/4.0 (compatible; MSIE 8.0; Windows NT 6.1; Trident/4.0; SLCC2; .NET CLR 2.0.50727; .NET CLR 3.5.30729; .NET CLR 3.0.30729; Media Center PC 6.0; MDDR; .NET4.0C; .NET4.0E; .NET CLR 1.1.4322; Tablet PC 2.0); 360Spider"
174.37.213.34 - - [01/Apr/2013:07:44:45 -0700] "GET /rss.xml HTTP/1.1" 200 23008 "-" "Mozilla/5.0 (X11; U; Linux x86_64; en-US; rv:1.9.0.19; aggregator:Spinn3r (Spinn3r 3.1); http://spinn3r.com/robot) Gecko/2010040121 Firefox/3.0.19"
174.36.228.156 - - [01/Apr/2013:07:45:08 -0700] "GET / HTTP/1.1" 200 3043 "-" "Mozilla/5.0 (X11; U; Linux x86_64; en-US; rv:1.9.0.19; aggregator:Spinn3r (Spinn3r 3.1); http://spinn3r.com/robot) Gecko/2010040121 Firefox/3.0.19"
207.34.25.76 - - [01/Apr/2013:07:47:05 -0700] "GET /rss.xml HTTP/1.1" 200 23008 "-" "R6_FeedFetcher(www.radian6.com/crawler)"
66.249.73.49 - - [01/Apr/2013:07:49:14 -0700] "GET /class/examples/css/selector-specificity/ HTTP/1.1" 200 2992 "-" "SAMSUNG-SGH-E250/1.0 Profile/MIDP-2.0 Configuration/CLDC-1.1 UP.Browser/6.2.3.3.c.1.101 (GUI) MMP/2.0 (compatible; Googlebot-Mobile/2.1; +http://www.google.com/bot.html)"
46.4.38.19 - - [01/Apr/2013:08:00:34 -0700] "GET / HTTP/1.1" 200 8007 "-" "Mozilla/4.0 (compatible; MSIE 6.0; Windows NT 5.1; SV1)"
46.4.38.19 - - [01/Apr/2013:08:00:35 -0700] "GET /posts/english_spelling.html HTTP/1.1" 200 3815 "-" "Mozilla/4.0 (compatible; MSIE 6.0; Windows NT 5.1; SV1)"
46.4.38.19 - - [01/Apr/2013:08:00:38 -0700] "GET /posts/ffmpeg_recipes.html HTTP/1.1" 200 3423 "-" "Mozilla/4.0 (compatible; MSIE 6.0; Windows NT 5.1; SV1)"
46.4.38.19 - - [01/Apr/2013:08:00:39 -0700] "GET /posts/semantic_versioning.html HTTP/1.1" 200 6376 "-" "Mozilla/4.0 (compatible; MSIE 6.0; Windows NT 5.1; SV1)"
46.4.38.19 - - [01/Apr/2013:08:00:40 -0700] "GET /posts/organic_design_and_video_games.html HTTP/1.1" 200 7530 "-" "Mozilla/4.0 (compatible; MSIE 6.0; Windows NT 5.1; SV1)"
46.4.38.19 - - [01/Apr/2013:08:00:42 -0700] "GET /posts/falling_in_love_with_nodejs.html HTTP/1.1" 200 14192 "-" "Mozilla/4.0 (compatible; MSIE 6.0; Windows NT 5.1; SV1)"
46.4.38.19 - - [01/Apr/2013:08:00:43 -0700] "GET /posts/javascript_and_videogames.html HTTP/1.1" 200 10694 "-" "Mozilla/4.0 (compatible; MSIE 6.0; Windows NT 5.1; SV1)"
46.4.38.19 - - [01/Apr/2013:08:00:45 -0700] "GET /pages/example-code.html HTTP/1.1" 200 5347 "-" "Mozilla/4.0 (compatible; MSIE 6.0; Windows NT 5.1; SV1)"
46.4.38.19 - - [01/Apr/2013:08:00:45 -0700] "GET /pages/favwebresources.html HTTP/1.1" 200 5762 "-" "Mozilla/4.0 (compatible; MSIE 6.0; Windows NT 5.1; SV1)"
46.4.38.19 - - [01/Apr/2013:08:00:48 -0700] "GET /pages/ffmpeg_recipes.html HTTP/1.1" 200 14534 "-" "Mozilla/4.0 (compatible; MSIE 6.0; Windows NT 5.1; SV1)"
46.4.38.19 - - [01/Apr/2013:08:00:49 -0700] "GET /full_index.html HTTP/1.1" 200 7121 "-" "Mozilla/4.0 (compatible; MSIE 6.0; Windows NT 5.1; SV1)"
46.4.38.19 - - [01/Apr/2013:08:00:50 -0700] "GET /pages/about.html HTTP/1.1" 200 2951 "-" "Mozilla/4.0 (compatible; MSIE 6.0; Windows NT 5.1; SV1)"
72.14.199.207 - - [01/Apr/2013:08:05:51 -0700] "GET /rss.xml HTTP/1.1" 304 0 "-" "Feedfetcher-Google; (+http://www.google.com/feedfetcher.html; 2 subscribers; feed-id=5949273836414294741)"
69.171.233.7 - - [01/Apr/2013:08:09:44 -0700] "GET /feed/ HTTP/1.1" 404 1278 "-" "Mozilla/5.0 (compatible; FriendFeedBot/0.1; +Http://friendfeed.com/about/bot; 3 subscribers; feed-id=4234539050126265918)"
173.192.238.41 - - [01/Apr/2013:08:14:54 -0700] "GET /rss.xml HTTP/1.1" 200 23008 "-" "Mozilla/5.0 (X11; U; Linux x86_64; en-US; rv:1.9.0.19; aggregator:Spinn3r (Spinn3r 3.1); http://spinn3r.com/robot) Gecko/2010040121 Firefox/3.0.19"
174.37.213.34 - - [01/Apr/2013:08:15:13 -0700] "GET / HTTP/1.1" 200 3043 "-" "Mozilla/5.0 (X11; U; Linux x86_64; en-US; rv:1.9.0.19; aggregator:Spinn3r (Spinn3r 3.1); http://spinn3r.com/robot) Gecko/2010040121 Firefox/3.0.19"
71.19.144.96 - - [01/Apr/2013:08:35:24 -0700] "GET /feed.php HTTP/1.1" 404 56 "http://jeremyosborne.com/feed.php" "SimplePie/1.3.1 (Feed Parser; http://simplepie.org; Allow like Gecko) Build/20121030175911"
71.19.144.96 - - [01/Apr/2013:08:36:36 -0700] "GET /feed.php HTTP/1.1" 404 56 "http://jeremyosborne.com/feed.php" "SimplePie/1.3.1 (Feed Parser; http://simplepie.org; Allow like Gecko) Build/20121030175911"
71.19.144.96 - - [01/Apr/2013:08:38:26 -0700] "GET /feed.php HTTP/1.1" 404 56 "http://jeremyosborne.com/feed.php" "SimplePie/1.3.1 (Feed Parser; http://simplepie.org; Allow like Gecko) Build/20121030175911"
174.36.241.149 - - [01/Apr/2013:08:44:57 -0700] "GET /rss.xml HTTP/1.1" 200 23008 "-" "Mozilla/5.0 (X11; U; Linux x86_64; en-US; rv:1.9.0.19; aggregator:Spinn3r (Spinn3r 3.1); http://spinn3r.com/robot) Gecko/2010040121 Firefox/3.0.19"
174.36.241.151 - - [01/Apr/2013:08:45:26 -0700] "GET / HTTP/1.1" 200 3043 "-" "Mozilla/5.0 (X11; U; Linux x86_64; en-US; rv:1.9.0.19; aggregator:Spinn3r (Spinn3r 3.1); http://spinn3r.com/robot) Gecko/2010040121 Firefox/3.0.19"
119.63.196.46 - - [01/Apr/2013:08:51:22 -0700] "GET / HTTP/1.1" 200 8007 "-" "Mozilla/5.0 (compatible; Baiduspider/2.0; +http://www.baidu.com/search/spider.html)"
66.249.73.49 - - [01/Apr/2013:08:57:38 -0700] "GET /2008/02/21/a-new-message-in-self-help-books-wtfu/%20http HTTP/1.1" 404 1278 "-" "Mozilla/5.0 (compatible; Googlebot/2.1; +http://www.google.com/bot.html)"
72.14.199.207 - - [01/Apr/2013:09:06:21 -0700] "GET /rss.xml HTTP/1.1" 304 0 "-" "Feedfetcher-Google; (+http://www.google.com/feedfetcher.html; 2 subscribers; feed-id=5949273836414294741)"
66.249.73.49 - - [01/Apr/2013:09:13:29 -0700] "GET /class/examples/css/selector-specificity/ HTTP/1.1" 200 2992 "-" "DoCoMo/2.0 N905i(c100;TB;W24H16) (compatible; Googlebot-Mobile/2.1; +http://www.google.com/bot.html)"
174.37.205.76 - - [01/Apr/2013:09:15:05 -0700] "GET /rss.xml HTTP/1.1" 200 23008 "-" "Mozilla/5.0 (X11; U; Linux x86_64; en-US; rv:1.9.0.19; aggregator:Spinn3r (Spinn3r 3.1); http://spinn3r.com/robot) Gecko/2010040121 Firefox/3.0.19"
174.36.241.149 - - [01/Apr/2013:09:15:36 -0700] "GET / HTTP/1.1" 200 3043 "-" "Mozilla/5.0 (X11; U; Linux x86_64; en-US; rv:1.9.0.19; aggregator:Spinn3r (Spinn3r 3.1); http://spinn3r.com/robot) Gecko/2010040121 Firefox/3.0.19"
61.135.249.191 - - [01/Apr/2013:09:16:58 -0700] "GET / HTTP/1.1" 200 3043 "-" "Mozilla/5.0 (compatible; YodaoBot/1.0; http://www.yodao.com/help/webmaster/spider/; )"
202.46.55.57 - - [01/Apr/2013:09:26:16 -0700] "GET / HTTP/1.1" 200 8007 "-" "Mozilla/4.0 (compatible; MSIE 7.0; Windows NT 6.0)"
119.63.193.130 - - [01/Apr/2013:09:27:01 -0700] "GET / HTTP/1.1" 200 8007 "-" "Mozilla/4.0 (compatible; MSIE 7.0; Windows NT 6.0)"
36.248.127.119 - - [01/Apr/2013:09:28:01 -0700] "GET /category/posting-when-i-wish-i-was-drunk/ HTTP/1.0" 404 2855 "http://jeremyosborne.com/category/posting-when-i-wish-i-was-drunk/" "Mozilla/5.0 (X11; Ubuntu; Linux x86_64; rv:16.0) Gecko/20100101 Firefox/16.0"
36.248.127.119 - - [01/Apr/2013:09:28:02 -0700] "GET / HTTP/1.0" 200 8007 "http://jeremyosborne.com/" "Mozilla/5.0 (X11; Ubuntu; Linux x86_64; rv:16.0) Gecko/20100101 Firefox/16.0"
216.152.252.76 - - [01/Apr/2013:09:28:49 -0700] "GET /posts/falling_in_love_with_nodejs.html HTTP/1.1" 200 6287 "http://jeremyosborne.com/" "Mozilla/5.0 (Windows NT 5.1; rv:5.0.1) Gecko/20100101 Firefox/5.0.1"
216.152.252.76 - - [01/Apr/2013:09:28:50 -0700] "GET /posts/organic_design_and_video_games.html HTTP/1.1" 200 3342 "http://jeremyosborne.com/" "Mozilla/5.0 (Windows NT 5.1; rv:5.0.1) Gecko/20100101 Firefox/5.0.1"
69.171.233.4 - - [01/Apr/2013:09:31:15 -0700] "GET /feed/ HTTP/1.1" 404 1278 "-" "Mozilla/5.0 (compatible; FriendFeedBot/0.1; +Http://friendfeed.com/about/bot; 3 subscribers; feed-id=4234539050126265918)"
157.55.32.58 - - [01/Apr/2013:09:39:58 -0700] "GET /2009/07/19/design-wisdom/ HTTP/1.1" 404 1278 "-" "Mozilla/5.0 (compatible; bingbot/2.0; +http://www.bing.com/bingbot.htm)"
173.192.238.44 - - [01/Apr/2013:09:45:12 -0700] "GET /rss.xml HTTP/1.1" 200 23008 "-" "Mozilla/5.0 (X11; U; Linux x86_64; en-US; rv:1.9.0.19; aggregator:Spinn3r (Spinn3r 3.1); http://spinn3r.com/robot) Gecko/2010040121 Firefox/3.0.19"
173.192.238.40 - - [01/Apr/2013:09:45:47 -0700] "GET / HTTP/1.1" 200 3043 "-" "Mozilla/5.0 (X11; U; Linux x86_64; en-US; rv:1.9.0.19; aggregator:Spinn3r (Spinn3r 3.1); http://spinn3r.com/robot) Gecko/2010040121 Firefox/3.0.19"
72.14.199.207 - - [01/Apr/2013:10:10:10 -0700] "GET /rss.xml HTTP/1.1" 304 0 "-" "Feedfetcher-Google; (+http://www.google.com/feedfetcher.html; 2 subscribers; feed-id=5949273836414294741)"
174.37.213.34 - - [01/Apr/2013:10:15:17 -0700] "GET /rss.xml HTTP/1.1" 200 23008 "-" "Mozilla/5.0 (X11; U; Linux x86_64; en-US; rv:1.9.0.19; aggregator:Spinn3r (Spinn3r 3.1); http://spinn3r.com/robot) Gecko/2010040121 Firefox/3.0.19"
173.192.238.41 - - [01/Apr/2013:10:16:09 -0700] "GET / HTTP/1.1" 200 3043 "-" "Mozilla/5.0 (X11; U; Linux x86_64; en-US; rv:1.9.0.19; aggregator:Spinn3r (Spinn3r 3.1); http://spinn3r.com/robot) Gecko/2010040121 Firefox/3.0.19"
66.249.73.49 - - [01/Apr/2013:10:16:37 -0700] "GET /posts/Eliminated__4_Bags_of_Clothes.html HTTP/1.1" 200 1644 "-" "Mozilla/5.0 (compatible; Googlebot/2.1; +http://www.google.com/bot.html)"
119.63.196.93 - - [01/Apr/2013:10:29:13 -0700] "GET /pages/ffmpeg_recipes.html HTTP/1.1" 200 4835 "-" "Mozilla/5.0 (compatible; Baiduspider/2.0; +http://www.baidu.com/search/spider.html)"
157.56.93.50 - - [01/Apr/2013:10:29:27 -0700] "GET / HTTP/1.1" 200 3043 "-" "Mozilla/5.0 (compatible; bingbot/2.0; +http://www.bing.com/bingbot.htm)"
183.60.215.44 - - [01/Apr/2013:10:40:34 -0700] "GET / HTTP/1.1" 200 3043 "-" "Mozilla/5.0 (compatible; EasouSpider; +http://www.easou.com/search/spider.html)"
183.60.214.13 - - [01/Apr/2013:10:40:34 -0700] "GET / HTTP/1.1" 200 3043 "-" "Mozilla/5.0 (compatible; EasouSpider; +http://www.easou.com/search/spider.html)"
208.115.111.73 - - [01/Apr/2013:10:42:57 -0700] "GET /posts/Weighted_Data.html HTTP/1.1" 200 6227 "-" "Mozilla/5.0 (compatible; Ezooms/1.0; ezooms.bot@gmail.com)"
174.37.205.76 - - [01/Apr/2013:10:45:20 -0700] "GET /rss.xml HTTP/1.1" 200 23008 "-" "Mozilla/5.0 (X11; U; Linux x86_64; en-US; rv:1.9.0.19; aggregator:Spinn3r (Spinn3r 3.1); http://spinn3r.com/robot) Gecko/2010040121 Firefox/3.0.19"
174.37.205.76 - - [01/Apr/2013:10:46:15 -0700] "GET / HTTP/1.1" 200 3043 "-" "Mozilla/5.0 (X11; U; Linux x86_64; en-US; rv:1.9.0.19; aggregator:Spinn3r (Spinn3r 3.1); http://spinn3r.com/robot) Gecko/2010040121 Firefox/3.0.19"
69.171.233.4 - - [01/Apr/2013:10:54:46 -0700] "GET /feed/ HTTP/1.1" 404 1278 "-" "Mozilla/5.0 (compatible; FriendFeedBot/0.1; +Http://friendfeed.com/about/bot; 3 subscribers; feed-id=4234539050126265918)"
72.14.199.207 - - [01/Apr/2013:11:09:50 -0700] "GET /rss.xml HTTP/1.1" 304 0 "-" "Feedfetcher-Google; (+http://www.google.com/feedfetcher.html; 2 subscribers; feed-id=5949273836414294741)"
173.192.238.58 - - [01/Apr/2013:11:15:28 -0700] "GET /rss.xml HTTP/1.1" 200 23008 "-" "Mozilla/5.0 (X11; U; Linux x86_64; en-US; rv:1.9.0.19; aggregator:Spinn3r (Spinn3r 3.1); http://spinn3r.com/robot) Gecko/2010040121 Firefox/3.0.19"
173.192.238.40 - - [01/Apr/2013:11:16:30 -0700] "GET / HTTP/1.1" 200 3043 "-" "Mozilla/5.0 (X11; U; Linux x86_64; en-US; rv:1.9.0.19; aggregator:Spinn3r (Spinn3r 3.1); http://spinn3r.com/robot) Gecko/2010040121 Firefox/3.0.19"
119.63.193.195 - - [01/Apr/2013:11:25:27 -0700] "GET / HTTP/1.1" 200 8007 "-" "Mozilla/4.0 (compatible; MSIE 7.0; Windows NT 6.0)"
71.19.144.96 - - [01/Apr/2013:11:35:23 -0700] "GET /feed.php HTTP/1.1" 404 56 "http://jeremyosborne.com/feed.php" "SimplePie/1.3.1 (Feed Parser; http://simplepie.org; Allow like Gecko) Build/20121030175911"
71.19.144.96 - - [01/Apr/2013:11:36:34 -0700] "GET /feed.php HTTP/1.1" 404 56 "http://jeremyosborne.com/feed.php" "SimplePie/1.3.1 (Feed Parser; http://simplepie.org; Allow like Gecko) Build/20121030175911"
71.19.144.96 - - [01/Apr/2013:11:38:30 -0700] "GET /feed.php HTTP/1.1" 404 56 "http://jeremyosborne.com/feed.php" "SimplePie/1.3.1 (Feed Parser; http://simplepie.org; Allow like Gecko) Build/20121030175911"
173.192.238.44 - - [01/Apr/2013:11:45:33 -0700] "GET /rss.xml HTTP/1.1" 200 23008 "-" "Mozilla/5.0 (X11; U; Linux x86_64; en-US; rv:1.9.0.19; aggregator:Spinn3r (Spinn3r 3.1); http://spinn3r.com/robot) Gecko/2010040121 Firefox/3.0.19"
173.192.238.41 - - [01/Apr/2013:11:46:35 -0700] "GET / HTTP/1.1" 200 3043 "-" "Mozilla/5.0 (X11; U; Linux x86_64; en-US; rv:1.9.0.19; aggregator:Spinn3r (Spinn3r 3.1); http://spinn3r.com/robot) Gecko/2010040121 Firefox/3.0.19"
61.135.249.113 - - [01/Apr/2013:11:56:27 -0700] "GET / HTTP/1.1" 200 3043 "-" "Mozilla/5.0 (compatible; YodaoBot/1.0; http://www.yodao.com/help/webmaster/spider/; )"
72.14.199.207 - - [01/Apr/2013:12:15:09 -0700] "GET /rss.xml HTTP/1.1" 304 0 "-" "Feedfetcher-Google; (+http://www.google.com/feedfetcher.html; 2 subscribers; feed-id=5949273836414294741)"
173.192.238.34 - - [01/Apr/2013:12:15:37 -0700] "GET /rss.xml HTTP/1.1" 200 23008 "-" "Mozilla/5.0 (X11; U; Linux x86_64; en-US; rv:1.9.0.19; aggregator:Spinn3r (Spinn3r 3.1); http://spinn3r.com/robot) Gecko/2010040121 Firefox/3.0.19"
173.192.238.41 - - [01/Apr/2013:12:16:39 -0700] "GET / HTTP/1.1" 200 3043 "-" "Mozilla/5.0 (X11; U; Linux x86_64; en-US; rv:1.9.0.19; aggregator:Spinn3r (Spinn3r 3.1); http://spinn3r.com/robot) Gecko/2010040121 Firefox/3.0.19"
69.171.233.1 - - [01/Apr/2013:12:18:52 -0700] "GET /feed/ HTTP/1.1" 404 1278 "-" "Mozilla/5.0 (compatible; FriendFeedBot/0.1; +Http://friendfeed.com/about/bot; 3 subscribers; feed-id=4234539050126265918)"
208.115.113.89 - - [01/Apr/2013:12:35:37 -0700] "GET /share/shootdown/03_targets.html HTTP/1.1" 200 7897 "-" "Mozilla/5.0 (compatible; Ezooms/1.0; ezooms.bot@gmail.com)"
208.115.113.89 - - [01/Apr/2013:12:35:41 -0700] "GET /posts/Things_I_learned_from_Movies.html HTTP/1.1" 200 5067 "-" "Mozilla/5.0 (compatible; Ezooms/1.0; ezooms.bot@gmail.com)"
174.37.205.76 - - [01/Apr/2013:12:45:41 -0700] "GET /rss.xml HTTP/1.1" 200 23008 "-" "Mozilla/5.0 (X11; U; Linux x86_64; en-US; rv:1.9.0.19; aggregator:Spinn3r (Spinn3r 3.1); http://spinn3r.com/robot) Gecko/2010040121 Firefox/3.0.19"
173.192.238.58 - - [01/Apr/2013:12:46:45 -0700] "GET / HTTP/1.1" 200 3043 "-" "Mozilla/5.0 (X11; U; Linux x86_64; en-US; rv:1.9.0.19; aggregator:Spinn3r (Spinn3r 3.1); http://spinn3r.com/robot) Gecko/2010040121 Firefox/3.0.19"
174.37.205.76 - - [01/Apr/2013:13:15:46 -0700] "GET /rss.xml HTTP/1.1" 200 23008 "-" "Mozilla/5.0 (X11; U; Linux x86_64; en-US; rv:1.9.0.19; aggregator:Spinn3r (Spinn3r 3.1); http://spinn3r.com/robot) Gecko/2010040121 Firefox/3.0.19"
173.192.238.34 - - [01/Apr/2013:13:16:57 -0700] "GET / HTTP/1.1" 200 3043 "-" "Mozilla/5.0 (X11; U; Linux x86_64; en-US; rv:1.9.0.19; aggregator:Spinn3r (Spinn3r 3.1); http://spinn3r.com/robot) Gecko/2010040121 Firefox/3.0.19"
111.73.46.46 - - [01/Apr/2013:13:18:19 -0700] "GET /category/posting-while-drunk/ HTTP/1.0" 404 2855 "http://jeremyosborne.com/category/posting-while-drunk/" "Mozilla/5.0 (Windows NT 6.1; WOW64) AppleWebKit/537.11 (KHTML, like Gecko) Chrome/23.0.1271.91 Safari/537.11"
111.73.46.46 - - [01/Apr/2013:13:18:20 -0700] "GET / HTTP/1.0" 200 8007 "http://jeremyosborne.com/" "Mozilla/5.0 (Windows NT 6.1; WOW64) AppleWebKit/537.11 (KHTML, like Gecko) Chrome/23.0.1271.91 Safari/537.11"
72.14.199.207 - - [01/Apr/2013:13:19:29 -0700] "GET /rss.xml HTTP/1.1" 304 0 "-" "Feedfetcher-Google; (+http://www.google.com/feedfetcher.html; 2 subscribers; feed-id=5949273836414294741)"
202.46.63.71 - - [01/Apr/2013:13:23:34 -0700] "GET / HTTP/1.1" 200 8007 "-" "Mozilla/4.0 (compatible; MSIE 7.0; Windows NT 6.0)"
119.63.193.131 - - [01/Apr/2013:13:24:14 -0700] "GET / HTTP/1.1" 200 8007 "-" "Mozilla/4.0 (compatible; MSIE 7.0; Windows NT 6.0)"
188.165.230.147 - - [01/Apr/2013:13:26:56 -0700] "GET / HTTP/1.1" 200 8007 "http://www.finddotcom.com/" "Mozilla/4.0 (compatible; MSIE 7.0; Windows NT 5.1; Mozilla/4.0 (compatible; MSIE 6.0; Windows NT 5.1; SV1) ; .NET CLR 2.0.50727; .NET CLR 3.0.4506.2152; .NET CLR 3.5.30729)"
69.171.233.6 - - [01/Apr/2013:13:42:13 -0700] "GET /feed/ HTTP/1.1" 404 1278 "-" "Mozilla/5.0 (compatible; FriendFeedBot/0.1; +Http://friendfeed.com/about/bot; 3 subscribers; feed-id=4234539050126265918)"
173.192.238.41 - - [01/Apr/2013:13:46:01 -0700] "GET /rss.xml HTTP/1.1" 200 23008 "-" "Mozilla/5.0 (X11; U; Linux x86_64; en-US; rv:1.9.0.19; aggregator:Spinn3r (Spinn3r 3.1); http://spinn3r.com/robot) Gecko/2010040121 Firefox/3.0.19"
174.36.241.151 - - [01/Apr/2013:13:47:11 -0700] "GET / HTTP/1.1" 200 3043 "-" "Mozilla/5.0 (X11; U; Linux x86_64; en-US; rv:1.9.0.19; aggregator:Spinn3r (Spinn3r 3.1); http://spinn3r.com/robot) Gecko/2010040121 Firefox/3.0.19"
199.21.99.86 - - [01/Apr/2013:13:53:11 -0700] "GET /posts/Gas_Therapy.html HTTP/1.1" 200 1643 "-" "Mozilla/5.0 (compatible; YandexBot/3.0; +http://yandex.com/bots)"
65.55.213.241 - - [01/Apr/2013:13:55:06 -0700] "GET /trafficbasedsspsitemap.xml HTTP/1.1" 404 1278 "-" "Mozilla/5.0 (compatible; bingbot/2.0; +http://www.bing.com/bingbot.htm) SitemapProbe"
220.181.108.174 - - [01/Apr/2013:13:56:19 -0700] "GET / HTTP/1.1" 304 0 "-" "Mozilla/5.0 (compatible; Baiduspider/2.0; +http://www.baidu.com/search/spider.html)"
174.37.213.34 - - [01/Apr/2013:14:16:10 -0700] "GET /rss.xml HTTP/1.1" 200 23008 "-" "Mozilla/5.0 (X11; U; Linux x86_64; en-US; rv:1.9.0.19; aggregator:Spinn3r (Spinn3r 3.1); http://spinn3r.com/robot) Gecko/2010040121 Firefox/3.0.19"
61.135.249.99 - - [01/Apr/2013:14:16:17 -0700] "GET / HTTP/1.1" 200 3043 "-" "Mozilla/5.0 (compatible; YodaoBot/1.0; http://www.yodao.com/help/webmaster/spider/; )"
173.192.238.58 - - [01/Apr/2013:14:17:13 -0700] "GET / HTTP/1.1" 200 3043 "-" "Mozilla/5.0 (X11; U; Linux x86_64; en-US; rv:1.9.0.19; aggregator:Spinn3r (Spinn3r 3.1); http://spinn3r.com/robot) Gecko/2010040121 Firefox/3.0.19"
72.14.199.207 - - [01/Apr/2013:14:23:19 -0700] "GET /rss.xml HTTP/1.1" 304 0 "-" "Feedfetcher-Google; (+http://www.google.com/feedfetcher.html; 2 subscribers; feed-id=5949273836414294741)"
71.19.144.96 - - [01/Apr/2013:14:35:18 -0700] "GET /feed.php HTTP/1.1" 404 56 "http://jeremyosborne.com/feed.php" "SimplePie/1.3.1 (Feed Parser; http://simplepie.org; Allow like Gecko) Build/20121030175911"
71.19.144.96 - - [01/Apr/2013:14:36:26 -0700] "GET /feed.php HTTP/1.1" 404 56 "http://jeremyosborne.com/feed.php" "SimplePie/1.3.1 (Feed Parser; http://simplepie.org; Allow like Gecko) Build/20121030175911"
71.19.144.96 - - [01/Apr/2013:14:38:19 -0700] "GET /feed.php HTTP/1.1" 404 56 "http://jeremyosborne.com/feed.php" "SimplePie/1.3.1 (Feed Parser; http://simplepie.org; Allow like Gecko) Build/20121030175911"
208.115.111.73 - - [01/Apr/2013:14:42:17 -0700] "GET /class/examples/css/colors/ HTTP/1.1" 200 2439 "-" "Mozilla/5.0 (compatible; Ezooms/1.0; ezooms.bot@gmail.com)"
208.115.111.73 - - [01/Apr/2013:14:42:20 -0700] "GET /posts/The_Electronic_Legacy_of_Lucy_Teh_Chicken.html HTTP/1.1" 200 5800 "-" "Mozilla/5.0 (compatible; Ezooms/1.0; ezooms.bot@gmail.com)"
173.192.238.41 - - [01/Apr/2013:14:46:15 -0700] "GET /rss.xml HTTP/1.1" 200 23008 "-" "Mozilla/5.0 (X11; U; Linux x86_64; en-US; rv:1.9.0.19; aggregator:Spinn3r (Spinn3r 3.1); http://spinn3r.com/robot) Gecko/2010040121 Firefox/3.0.19"
174.36.228.156 - - [01/Apr/2013:14:47:25 -0700] "GET / HTTP/1.1" 200 3043 "-" "Mozilla/5.0 (X11; U; Linux x86_64; en-US; rv:1.9.0.19; aggregator:Spinn3r (Spinn3r 3.1); http://spinn3r.com/robot) Gecko/2010040121 Firefox/3.0.19"
180.76.5.169 - - [01/Apr/2013:14:52:27 -0700] "GET /class/examples/css/blockquote/ HTTP/1.1" 200 1681 "-" "Mozilla/5.0 (compatible; Baiduspider/2.0; +http://www.baidu.com/search/spider.html)"
69.171.233.7 - - [01/Apr/2013:15:07:45 -0700] "GET /feed/ HTTP/1.1" 404 1278 "-" "Mozilla/5.0 (compatible; FriendFeedBot/0.1; +Http://friendfeed.com/about/bot; 3 subscribers; feed-id=4234539050126265918)"
173.192.238.40 - - [01/Apr/2013:15:16:20 -0700] "GET /rss.xml HTTP/1.1" 200 23008 "-" "Mozilla/5.0 (X11; U; Linux x86_64; en-US; rv:1.9.0.19; aggregator:Spinn3r (Spinn3r 3.1); http://spinn3r.com/robot) Gecko/2010040121 Firefox/3.0.19"
173.192.238.40 - - [01/Apr/2013:15:17:34 -0700] "GET / HTTP/1.1" 200 3043 "-" "Mozilla/5.0 (X11; U; Linux x86_64; en-US; rv:1.9.0.19; aggregator:Spinn3r (Spinn3r 3.1); http://spinn3r.com/robot) Gecko/2010040121 Firefox/3.0.19"
119.63.193.131 - - [01/Apr/2013:15:24:32 -0700] "GET / HTTP/1.1" 200 8007 "-" "Mozilla/4.0 (compatible; MSIE 7.0; Windows NT 6.0)"
72.14.199.207 - - [01/Apr/2013:15:31:38 -0700] "GET /rss.xml HTTP/1.1" 304 0 "-" "Feedfetcher-Google; (+http://www.google.com/feedfetcher.html; 2 subscribers; feed-id=5949273836414294741)"
148.241.1.174 - - [01/Apr/2013:15:33:21 -0700] "GET /posts/javascript_and_videogames.html HTTP/1.1" 200 10694 "https://www.google.com.mx/" "Mozilla/5.0 (Windows NT 6.1) AppleWebKit/537.22 (KHTML, like Gecko) Chrome/25.0.1364.172 Safari/537.22"
148.241.1.174 - - [01/Apr/2013:15:33:21 -0700] "GET /css/style.css HTTP/1.1" 200 4072 "http://jeremyosborne.com/posts/javascript_and_videogames.html" "Mozilla/5.0 (Windows NT 6.1) AppleWebKit/537.22 (KHTML, like Gecko) Chrome/25.0.1364.172 Safari/537.22"
174.36.241.149 - - [01/Apr/2013:15:46:24 -0700] "GET /rss.xml HTTP/1.1" 200 23008 "-" "Mozilla/5.0 (X11; U; Linux x86_64; en-US; rv:1.9.0.19; aggregator:Spinn3r (Spinn3r 3.1); http://spinn3r.com/robot) Gecko/2010040121 Firefox/3.0.19"
173.192.238.58 - - [01/Apr/2013:15:47:38 -0700] "GET / HTTP/1.1" 200 3043 "-" "Mozilla/5.0 (X11; U; Linux x86_64; en-US; rv:1.9.0.19; aggregator:Spinn3r (Spinn3r 3.1); http://spinn3r.com/robot) Gecko/2010040121 Firefox/3.0.19"
66.249.73.49 - - [01/Apr/2013:15:54:13 -0700] "GET /index.html HTTP/1.1" 200 3043 "-" "Mozilla/5.0 (compatible; Googlebot/2.1; +http://www.google.com/bot.html)"
199.21.99.86 - - [01/Apr/2013:16:07:22 -0700] "GET /2008/02/21/a-new-message-in-self-help-books-wtfu/ HTTP/1.1" 404 1278 "-" "Mozilla/5.0 (compatible; YandexBot/3.0; +http://yandex.com/bots)"
66.249.73.49 - - [01/Apr/2013:16:09:07 -0700] "GET /pages/example-code.html HTTP/1.1" 200 2144 "-" "Mozilla/5.0 (compatible; Googlebot/2.1; +http://www.google.com/bot.html)"
66.249.73.49 - - [01/Apr/2013:16:11:00 -0700] "GET /posts/ffmpeg_recipes.html HTTP/1.1" 200 1511 "-" "Mozilla/5.0 (iPhone; U; CPU iPhone OS 4_1 like Mac OS X; en-us) AppleWebKit/532.9 (KHTML, like Gecko) Version/4.0.5 Mobile/8B117 Safari/6531.22.7 (compatible; Googlebot-Mobile/2.1; +http://www.google.com/bot.html)"
174.36.241.149 - - [01/Apr/2013:16:16:29 -0700] "GET /rss.xml HTTP/1.1" 200 23008 "-" "Mozilla/5.0 (X11; U; Linux x86_64; en-US; rv:1.9.0.19; aggregator:Spinn3r (Spinn3r 3.1); http://spinn3r.com/robot) Gecko/2010040121 Firefox/3.0.19"
174.36.241.151 - - [01/Apr/2013:16:17:47 -0700] "GET / HTTP/1.1" 200 3043 "-" "Mozilla/5.0 (X11; U; Linux x86_64; en-US; rv:1.9.0.19; aggregator:Spinn3r (Spinn3r 3.1); http://spinn3r.com/robot) Gecko/2010040121 Firefox/3.0.19"
66.249.73.49 - - [01/Apr/2013:16:18:00 -0700] "GET /class/examples/js/chickentalk/ HTTP/1.1" 200 1038 "-" "Mozilla/5.0 (compatible; Googlebot/2.1; +http://www.google.com/bot.html)"
72.14.199.207 - - [01/Apr/2013:16:27:58 -0700] "GET /rss.xml HTTP/1.1" 304 0 "-" "Feedfetcher-Google; (+http://www.google.com/feedfetcher.html; 2 subscribers; feed-id=5949273836414294741)"
69.171.233.1 - - [01/Apr/2013:16:30:32 -0700] "GET /feed/ HTTP/1.1" 404 1278 "-" "Mozilla/5.0 (compatible; FriendFeedBot/0.1; +Http://friendfeed.com/about/bot; 3 subscribers; feed-id=4234539050126265918)"
175.44.33.1 - - [01/Apr/2013:16:30:40 -0700] "GET /category/posting-when-i-wish-i-was-drunk/ HTTP/1.0" 404 2855 "http://jeremyosborne.com/category/posting-when-i-wish-i-was-drunk/" "Mozilla/5.0 (Windows; U; Windows NT 6.1; en-US) AppleWebKit/533.4 (KHTML, like Gecko) Iron/5.0.381.0 Chrome/5.0.381 Safari/533.4"
175.44.33.1 - - [01/Apr/2013:16:30:42 -0700] "GET / HTTP/1.0" 200 8007 "http://jeremyosborne.com/" "Mozilla/5.0 (Windows; U; Windows NT 6.1; en-US) AppleWebKit/533.4 (KHTML, like Gecko) Iron/5.0.381.0 Chrome/5.0.381 Safari/533.4"
173.192.238.58 - - [01/Apr/2013:16:46:32 -0700] "GET /rss.xml HTTP/1.1" 200 23008 "-" "Mozilla/5.0 (X11; U; Linux x86_64; en-US; rv:1.9.0.19; aggregator:Spinn3r (Spinn3r 3.1); http://spinn3r.com/robot) Gecko/2010040121 Firefox/3.0.19"
173.192.238.58 - - [01/Apr/2013:16:47:57 -0700] "GET / HTTP/1.1" 200 3043 "-" "Mozilla/5.0 (X11; U; Linux x86_64; en-US; rv:1.9.0.19; aggregator:Spinn3r (Spinn3r 3.1); http://spinn3r.com/robot) Gecko/2010040121 Firefox/3.0.19"
66.249.73.49 - - [01/Apr/2013:16:58:59 -0700] "GET /2009/07/19/design-wisdom/ HTTP/1.1" 404 1278 "-" "Mozilla/5.0 (compatible; Googlebot/2.1; +http://www.google.com/bot.html)"
173.192.238.41 - - [01/Apr/2013:17:16:37 -0700] "GET /rss.xml HTTP/1.1" 200 23008 "-" "Mozilla/5.0 (X11; U; Linux x86_64; en-US; rv:1.9.0.19; aggregator:Spinn3r (Spinn3r 3.1); http://spinn3r.com/robot) Gecko/2010040121 Firefox/3.0.19"
174.36.241.149 - - [01/Apr/2013:17:18:00 -0700] "GET / HTTP/1.1" 200 3043 "-" "Mozilla/5.0 (X11; U; Linux x86_64; en-US; rv:1.9.0.19; aggregator:Spinn3r (Spinn3r 3.1); http://spinn3r.com/robot) Gecko/2010040121 Firefox/3.0.19"
202.46.49.15 - - [01/Apr/2013:17:25:28 -0700] "GET / HTTP/1.1" 200 8007 "-" "Mozilla/4.0 (compatible; MSIE 7.0; Windows NT 6.0)"
119.63.193.196 - - [01/Apr/2013:17:26:13 -0700] "GET / HTTP/1.1" 200 8007 "-" "Mozilla/4.0 (compatible; MSIE 7.0; Windows NT 6.0)"
72.14.199.207 - - [01/Apr/2013:17:29:17 -0700] "GET /rss.xml HTTP/1.1" 304 0 "-" "Feedfetcher-Google; (+http://www.google.com/feedfetcher.html; 2 subscribers; feed-id=5949273836414294741)"
71.19.144.96 - - [01/Apr/2013:17:35:12 -0700] "GET /feed.php HTTP/1.1" 404 56 "http://jeremyosborne.com/feed.php" "SimplePie/1.3.1 (Feed Parser; http://simplepie.org; Allow like Gecko) Build/20121030175911"
71.19.144.96 - - [01/Apr/2013:17:36:21 -0700] "GET /feed.php HTTP/1.1" 404 56 "http://jeremyosborne.com/feed.php" "SimplePie/1.3.1 (Feed Parser; http://simplepie.org; Allow like Gecko) Build/20121030175911"
71.19.144.96 - - [01/Apr/2013:17:38:09 -0700] "GET /feed.php HTTP/1.1" 404 56 "http://jeremyosborne.com/feed.php" "SimplePie/1.3.1 (Feed Parser; http://simplepie.org; Allow like Gecko) Build/20121030175911"
174.37.213.34 - - [01/Apr/2013:17:46:46 -0700] "GET /rss.xml HTTP/1.1" 200 23008 "-" "Mozilla/5.0 (X11; U; Linux x86_64; en-US; rv:1.9.0.19; aggregator:Spinn3r (Spinn3r 3.1); http://spinn3r.com/robot) Gecko/2010040121 Firefox/3.0.19"
174.36.241.151 - - [01/Apr/2013:17:48:13 -0700] "GET / HTTP/1.1" 200 3043 "-" "Mozilla/5.0 (X11; U; Linux x86_64; en-US; rv:1.9.0.19; aggregator:Spinn3r (Spinn3r 3.1); http://spinn3r.com/robot) Gecko/2010040121 Firefox/3.0.19"
69.171.233.3 - - [01/Apr/2013:17:52:51 -0700] "GET /feed/ HTTP/1.1" 404 1278 "-" "Mozilla/5.0 (compatible; FriendFeedBot/0.1; +Http://friendfeed.com/about/bot; 3 subscribers; feed-id=4234539050126265918)"
61.135.249.177 - - [01/Apr/2013:18:14:44 -0700] "GET / HTTP/1.1" 200 3043 "-" "Mozilla/5.0 (compatible; YodaoBot/1.0; http://www.yodao.com/help/webmaster/spider/; )"
173.192.238.40 - - [01/Apr/2013:18:16:49 -0700] "GET /rss.xml HTTP/1.1" 200 23008 "-" "Mozilla/5.0 (X11; U; Linux x86_64; en-US; rv:1.9.0.19; aggregator:Spinn3r (Spinn3r 3.1); http://spinn3r.com/robot) Gecko/2010040121 Firefox/3.0.19"
173.192.238.58 - - [01/Apr/2013:18:18:17 -0700] "GET / HTTP/1.1" 200 3043 "-" "Mozilla/5.0 (X11; U; Linux x86_64; en-US; rv:1.9.0.19; aggregator:Spinn3r (Spinn3r 3.1); http://spinn3r.com/robot) Gecko/2010040121 Firefox/3.0.19"66.249.73.49 - - [01/Apr/2013:18:20:37 -0700] "GET / HTTP/1.1" 200 3043 "-" "Mozilla/5.0 (iPhone; U; CPU iPhone OS 4_1 like Mac OS X; en-us) AppleWebKit/532.9 (KHTML, like Gecko) Version/4.0.5 Mobile/8B117 Safari/6531.22.7 (compatible; Googlebot-Mobile/2.1; +http://www.google.com/bot.html)"
72.14.199.207 - - [01/Apr/2013:18:21:57 -0700] "GET /rss.xml HTTP/1.1" 304 0 "-" "Feedfetcher-Google; (+http://www.google.com/feedfetcher.html; 2 subscribers; feed-id=5949273836414294741)"
207.34.25.76 - - [01/Apr/2013:18:31:28 -0700] "GET /rss.xml HTTP/1.1" 200 23008 "-" "R6_FeedFetcher(www.radian6.com/crawler)"
208.115.111.73 - - [01/Apr/2013:18:33:54 -0700] "GET /posts/The_Electronic_Legacy_of_Lucy_Teh_Chicken.html HTTP/1.1" 200 5800 "-" "Mozilla/5.0 (compatible; Ezooms/1.0; ezooms.bot@gmail.com)"
208.115.111.73 - - [01/Apr/2013:18:33:58 -0700] "GET /class/examples/css/colors/ HTTP/1.1" 200 2439 "-" "Mozilla/5.0 (compatible; Ezooms/1.0; ezooms.bot@gmail.com)"
74.125.182.27 - - [01/Apr/2013:18:43:05 -0700] "GET /feed/ HTTP/1.1" 404 1278 "-" "FeedBurner/1.0 (http://www.FeedBurner.com)"
174.36.241.149 - - [01/Apr/2013:18:46:56 -0700] "GET /rss.xml HTTP/1.1" 200 23008 "-" "Mozilla/5.0 (X11; U; Linux x86_64; en-US; rv:1.9.0.19; aggregator:Spinn3r (Spinn3r 3.1); http://spinn3r.com/robot) Gecko/2010040121 Firefox/3.0.19"
173.192.238.58 - - [01/Apr/2013:18:48:20 -0700] "GET / HTTP/1.1" 200 3043 "-" "Mozilla/5.0 (X11; U; Linux x86_64; en-US; rv:1.9.0.19; aggregator:Spinn3r (Spinn3r 3.1); http://spinn3r.com/robot) Gecko/2010040121 Firefox/3.0.19"
69.171.233.0 - - [01/Apr/2013:19:15:19 -0700] "GET /feed/ HTTP/1.1" 404 1278 "-" "Mozilla/5.0 (compatible; FriendFeedBot/0.1; +Http://friendfeed.com/about/bot; 3 subscribers; feed-id=4234539050126265918)"
173.192.238.41 - - [01/Apr/2013:19:17:06 -0700] "GET /rss.xml HTTP/1.1" 200 23008 "-" "Mozilla/5.0 (X11; U; Linux x86_64; en-US; rv:1.9.0.19; aggregator:Spinn3r (Spinn3r 3.1); http://spinn3r.com/robot) Gecko/2010040121 Firefox/3.0.19"
173.192.238.58 - - [01/Apr/2013:19:18:26 -0700] "GET / HTTP/1.1" 200 3043 "-" "Mozilla/5.0 (X11; U; Linux x86_64; en-US; rv:1.9.0.19; aggregator:Spinn3r (Spinn3r 3.1); http://spinn3r.com/robot) Gecko/2010040121 Firefox/3.0.19"
72.14.199.207 - - [01/Apr/2013:19:21:26 -0700] "GET /rss.xml HTTP/1.1" 304 0 "-" "Feedfetcher-Google; (+http://www.google.com/feedfetcher.html; 2 subscribers; feed-id=5949273836414294741)"
119.63.193.194 - - [01/Apr/2013:19:22:31 -0700] "GET / HTTP/1.1" 200 8007 "-" "Mozilla/4.0 (compatible; MSIE 7.0; Windows NT 6.0)"
174.37.205.76 - - [01/Apr/2013:19:47:12 -0700] "GET /rss.xml HTTP/1.1" 200 23008 "-" "Mozilla/5.0 (X11; U; Linux x86_64; en-US; rv:1.9.0.19; aggregator:Spinn3r (Spinn3r 3.1); http://spinn3r.com/robot) Gecko/2010040121 Firefox/3.0.19"
174.36.241.151 - - [01/Apr/2013:19:48:33 -0700] "GET / HTTP/1.1" 200 3043 "-" "Mozilla/5.0 (X11; U; Linux x86_64; en-US; rv:1.9.0.19; aggregator:Spinn3r (Spinn3r 3.1); http://spinn3r.com/robot) Gecko/2010040121 Firefox/3.0.19"
66.249.73.49 - - [01/Apr/2013:20:01:40 -0700] "GET /full_index.html HTTP/1.1" 200 1955 "-" "SAMSUNG-SGH-E250/1.0 Profile/MIDP-2.0 Configuration/CLDC-1.1 UP.Browser/6.2.3.3.c.1.101 (GUI) MMP/2.0 (compatible; Googlebot-Mobile/2.1; +http://www.google.com/bot.html)"
173.192.238.44 - - [01/Apr/2013:20:17:17 -0700] "GET /rss.xml HTTP/1.1" 200 23008 "-" "Mozilla/5.0 (X11; U; Linux x86_64; en-US; rv:1.9.0.19; aggregator:Spinn3r (Spinn3r 3.1); http://spinn3r.com/robot) Gecko/2010040121 Firefox/3.0.19"
174.36.241.149 - - [01/Apr/2013:20:18:35 -0700] "GET / HTTP/1.1" 200 3043 "-" "Mozilla/5.0 (X11; U; Linux x86_64; en-US; rv:1.9.0.19; aggregator:Spinn3r (Spinn3r 3.1); http://spinn3r.com/robot) Gecko/2010040121 Firefox/3.0.19"
72.14.199.207 - - [01/Apr/2013:20:20:26 -0700] "GET /rss.xml HTTP/1.1" 304 0 "-" "Feedfetcher-Google; (+http://www.google.com/feedfetcher.html; 2 subscribers; feed-id=5949273836414294741)"
71.19.144.96 - - [01/Apr/2013:20:35:19 -0700] "GET /feed.php HTTP/1.1" 404 56 "http://jeremyosborne.com/feed.php" "SimplePie/1.3.1 (Feed Parser; http://simplepie.org; Allow like Gecko) Build/20121030175911"
71.19.144.96 - - [01/Apr/2013:20:36:29 -0700] "GET /feed.php HTTP/1.1" 404 56 "http://jeremyosborne.com/feed.php" "SimplePie/1.3.1 (Feed Parser; http://simplepie.org; Allow like Gecko) Build/20121030175911"
71.19.144.96 - - [01/Apr/2013:20:38:22 -0700] "GET /feed.php HTTP/1.1" 404 56 "http://jeremyosborne.com/feed.php" "SimplePie/1.3.1 (Feed Parser; http://simplepie.org; Allow like Gecko) Build/20121030175911"
69.171.233.3 - - [01/Apr/2013:20:38:57 -0700] "GET /feed/ HTTP/1.1" 404 1278 "-" "Mozilla/5.0 (compatible; FriendFeedBot/0.1; +Http://friendfeed.com/about/bot; 3 subscribers; feed-id=4234539050126265918)"
61.135.249.155 - - [01/Apr/2013:20:39:24 -0700] "GET / HTTP/1.1" 200 3043 "-" "Mozilla/5.0 (compatible; YodaoBot/1.0; http://www.yodao.com/help/webmaster/spider/; )"
174.37.213.34 - - [01/Apr/2013:20:47:22 -0700] "GET /rss.xml HTTP/1.1" 200 23008 "-" "Mozilla/5.0 (X11; U; Linux x86_64; en-US; rv:1.9.0.19; aggregator:Spinn3r (Spinn3r 3.1); http://spinn3r.com/robot) Gecko/2010040121 Firefox/3.0.19"
174.37.205.76 - - [01/Apr/2013:20:48:41 -0700] "GET / HTTP/1.1" 200 3043 "-" "Mozilla/5.0 (X11; U; Linux x86_64; en-US; rv:1.9.0.19; aggregator:Spinn3r (Spinn3r 3.1); http://spinn3r.com/robot) Gecko/2010040121 Firefox/3.0.19"
173.192.238.44 - - [01/Apr/2013:21:17:26 -0700] "GET /rss.xml HTTP/1.1" 200 23008 "-" "Mozilla/5.0 (X11; U; Linux x86_64; en-US; rv:1.9.0.19; aggregator:Spinn3r (Spinn3r 3.1); http://spinn3r.com/robot) Gecko/2010040121 Firefox/3.0.19"
173.192.238.44 - - [01/Apr/2013:21:18:50 -0700] "GET / HTTP/1.1" 200 3043 "-" "Mozilla/5.0 (X11; U; Linux x86_64; en-US; rv:1.9.0.19; aggregator:Spinn3r (Spinn3r 3.1); http://spinn3r.com/robot) Gecko/2010040121 Firefox/3.0.19"
119.63.193.194 - - [01/Apr/2013:21:26:41 -0700] "GET / HTTP/1.1" 200 8007 "-" "Mozilla/4.0 (compatible; MSIE 7.0; Windows NT 6.0)"
72.14.199.207 - - [01/Apr/2013:21:28:35 -0700] "GET /rss.xml HTTP/1.1" 200 23008 "-" "Feedfetcher-Google; (+http://www.google.com/feedfetcher.html; 2 subscribers; feed-id=5949273836414294741)"
66.249.73.49 - - [01/Apr/2013:21:32:39 -0700] "GET /posts/organic_design_and_video_games.html HTTP/1.1" 200 3342 "-" "DoCoMo/2.0 N905i(c100;TB;W24H16) (compatible; Googlebot-Mobile/2.1; +http://www.google.com/bot.html)"
157.56.93.50 - - [01/Apr/2013:21:36:24 -0700] "GET / HTTP/1.1" 200 3043 "-" "Mozilla/5.0 (compatible; bingbot/2.0; +http://www.bing.com/bingbot.htm)"
157.56.93.50 - - [01/Apr/2013:21:36:28 -0700] "GET / HTTP/1.1" 200 3043 "-" "Mozilla/5.0 (compatible; bingbot/2.0; +http://www.bing.com/bingbot.htm)"
174.36.241.149 - - [01/Apr/2013:21:47:34 -0700] "GET /rss.xml HTTP/1.1" 200 23008 "-" "Mozilla/5.0 (X11; U; Linux x86_64; en-US; rv:1.9.0.19; aggregator:Spinn3r (Spinn3r 3.1); http://spinn3r.com/robot) Gecko/2010040121 Firefox/3.0.19"
174.36.228.156 - - [01/Apr/2013:21:49:01 -0700] "GET / HTTP/1.1" 200 3043 "-" "Mozilla/5.0 (X11; U; Linux x86_64; en-US; rv:1.9.0.19; aggregator:Spinn3r (Spinn3r 3.1); http://spinn3r.com/robot) Gecko/2010040121 Firefox/3.0.19"
69.171.233.4 - - [01/Apr/2013:22:01:34 -0700] "GET /feed/ HTTP/1.1" 404 1278 "-" "Mozilla/5.0 (compatible; FriendFeedBot/0.1; +Http://friendfeed.com/about/bot; 3 subscribers; feed-id=4234539050126265918)"
173.192.238.40 - - [01/Apr/2013:22:17:36 -0700] "GET /rss.xml HTTP/1.1" 200 23008 "-" "Mozilla/5.0 (X11; U; Linux x86_64; en-US; rv:1.9.0.19; aggregator:Spinn3r (Spinn3r 3.1); http://spinn3r.com/robot) Gecko/2010040121 Firefox/3.0.19"
174.36.241.149 - - [01/Apr/2013:22:19:08 -0700] "GET / HTTP/1.1" 200 3043 "-" "Mozilla/5.0 (X11; U; Linux x86_64; en-US; rv:1.9.0.19; aggregator:Spinn3r (Spinn3r 3.1); http://spinn3r.com/robot) Gecko/2010040121 Firefox/3.0.19"
72.14.199.207 - - [01/Apr/2013:22:34:55 -0700] "GET /rss.xml HTTP/1.1" 304 0 "-" "Feedfetcher-Google; (+http://www.google.com/feedfetcher.html; 2 subscribers; feed-id=5949273836414294741)"
174.37.213.34 - - [01/Apr/2013:22:47:40 -0700] "GET /rss.xml HTTP/1.1" 200 23008 "-" "Mozilla/5.0 (X11; U; Linux x86_64; en-US; rv:1.9.0.19; aggregator:Spinn3r (Spinn3r 3.1); http://spinn3r.com/robot) Gecko/2010040121 Firefox/3.0.19"
173.192.238.34 - - [01/Apr/2013:22:49:14 -0700] "GET / HTTP/1.1" 200 3043 "-" "Mozilla/5.0 (X11; U; Linux x86_64; en-US; rv:1.9.0.19; aggregator:Spinn3r (Spinn3r 3.1); http://spinn3r.com/robot) Gecko/2010040121 Firefox/3.0.19"
61.135.248.221 - - [01/Apr/2013:23:12:56 -0700] "GET / HTTP/1.1" 200 3043 "-" "Mozilla/5.0 (compatible; YodaoBot/1.0; http://www.yodao.com/help/webmaster/spider/; )"
173.192.238.58 - - [01/Apr/2013:23:17:48 -0700] "GET /rss.xml HTTP/1.1" 200 23008 "-" "Mozilla/5.0 (X11; U; Linux x86_64; en-US; rv:1.9.0.19; aggregator:Spinn3r (Spinn3r 3.1); http://spinn3r.com/robot) Gecko/2010040121 Firefox/3.0.19"
174.37.205.76 - - [01/Apr/2013:23:19:24 -0700] "GET / HTTP/1.1" 200 3043 "-" "Mozilla/5.0 (X11; U; Linux x86_64; en-US; rv:1.9.0.19; aggregator:Spinn3r (Spinn3r 3.1); http://spinn3r.com/robot) Gecko/2010040121 Firefox/3.0.19"
69.171.233.7 - - [01/Apr/2013:23:23:24 -0700] "GET /feed/ HTTP/1.1" 404 1278 "-" "Mozilla/5.0 (compatible; FriendFeedBot/0.1; +Http://friendfeed.com/about/bot; 3 subscribers; feed-id=4234539050126265918)"
119.63.193.131 - - [01/Apr/2013:23:25:47 -0700] "GET / HTTP/1.1" 200 8007 "-" "Mozilla/4.0 (compatible; MSIE 7.0; Windows NT 6.0)"
94.23.245.151 - - [01/Apr/2013:23:28:10 -0700] "GET /feed.php HTTP/1.0" 404 25 "-" "-"
94.23.245.151 - - [01/Apr/2013:23:28:10 -0700] "GET /feed.php HTTP/1.0" 404 25 "-" "SimplePie/1.1.3 (Feed Parser; http://simplepie.org; Allow like Gecko) Build/20081219"
72.14.199.207 - - [01/Apr/2013:23:35:05 -0700] "GET /rss.xml HTTP/1.1" 304 0 "-" "Feedfetcher-Google; (+http://www.google.com/feedfetcher.html; 2 subscribers; feed-id=5949273836414294741)"
71.19.144.96 - - [01/Apr/2013:23:35:21 -0700] "GET /feed.php HTTP/1.1" 404 56 "http://jeremyosborne.com/feed.php" "SimplePie/1.3.1 (Feed Parser; http://simplepie.org; Allow like Gecko) Build/20121030175911"
71.19.144.96 - - [01/Apr/2013:23:36:36 -0700] "GET /feed.php HTTP/1.1" 404 56 "http://jeremyosborne.com/feed.php" "SimplePie/1.3.1 (Feed Parser; http://simplepie.org; Allow like Gecko) Build/20121030175911"
71.19.144.96 - - [01/Apr/2013:23:38:28 -0700] "GET /feed.php HTTP/1.1" 404 56 "http://jeremyosborne.com/feed.php" "SimplePie/1.3.1 (Feed Parser; http://simplepie.org; Allow like Gecko) Build/20121030175911"
173.192.238.41 - - [01/Apr/2013:23:47:53 -0700] "GET /rss.xml HTTP/1.1" 200 23008 "-" "Mozilla/5.0 (X11; U; Linux x86_64; en-US; rv:1.9.0.19; aggregator:Spinn3r (Spinn3r 3.1); http://spinn3r.com/robot) Gecko/2010040121 Firefox/3.0.19"
174.36.241.151 - - [01/Apr/2013:23:49:34 -0700] "GET / HTTP/1.1" 200 3043 "-" "Mozilla/5.0 (X11; U; Linux x86_64; en-US; rv:1.9.0.19; aggregator:Spinn3r (Spinn3r 3.1); http://spinn3r.com/robot) Gecko/2010040121 Firefox/3.0.19"
157.56.93.50 - - [02/Apr/2013:00:03:32 -0700] "GET / HTTP/1.1" 200 3043 "-" "Mozilla/5.0 (compatible; bingbot/2.0; +http://www.bing.com/bingbot.htm)"
174.36.241.151 - - [02/Apr/2013:00:17:59 -0700] "GET /rss.xml HTTP/1.1" 200 23008 "-" "Mozilla/5.0 (X11; U; Linux x86_64; en-US; rv:1.9.0.19; aggregator:Spinn3r (Spinn3r 3.1); http://spinn3r.com/robot) Gecko/2010040121 Firefox/3.0.19"
174.36.241.151 - - [02/Apr/2013:00:19:39 -0700] "GET / HTTP/1.1" 200 3043 "-" "Mozilla/5.0 (X11; U; Linux x86_64; en-US; rv:1.9.0.19; aggregator:Spinn3r (Spinn3r 3.1); http://spinn3r.com/robot) Gecko/2010040121 Firefox/3.0.19"
72.14.199.207 - - [02/Apr/2013:00:25:34 -0700] "GET /rss.xml HTTP/1.1" 304 0 "-" "Feedfetcher-Google; (+http://www.google.com/feedfetcher.html; 2 subscribers; feed-id=5949273836414294741)"
199.30.80.100 - - [02/Apr/2013:00:27:45 -0700] "GET / HTTP/1.1" 200 3043 "-" "Mozilla/5.0 (Windows NT 6.1; rv:12.0; StumbleUpon; noc@stumbleupon.com) Gecko/20100101 Firefox/12.0"
208.115.113.89 - - [02/Apr/2013:00:28:30 -0700] "GET /html/files.html HTTP/1.1" 404 2855 "-" "Mozilla/5.0 (compatible; Ezooms/1.0; ezooms.bot@gmail.com)"
208.115.113.89 - - [02/Apr/2013:00:33:13 -0700] "GET /posts/Negativity.html HTTP/1.1" 200 3875 "-" "Mozilla/5.0 (compatible; Ezooms/1.0; ezooms.bot@gmail.com)"
218.30.103.154 - - [02/Apr/2013:00:34:53 -0700] "GET / HTTP/1.1" 304 0 "-" "Sogou web spider/4.0(+http://www.sogou.com/docs/help/webmasters.htm#07)"
69.171.233.2 - - [02/Apr/2013:00:46:41 -0700] "GET /feed/ HTTP/1.1" 404 1278 "-" "Mozilla/5.0 (compatible; FriendFeedBot/0.1; +Http://friendfeed.com/about/bot; 3 subscribers; feed-id=4234539050126265918)"
174.37.205.76 - - [02/Apr/2013:00:48:06 -0700] "GET /rss.xml HTTP/1.1" 200 23008 "-" "Mozilla/5.0 (X11; U; Linux x86_64; en-US; rv:1.9.0.19; aggregator:Spinn3r (Spinn3r 3.1); http://spinn3r.com/robot) Gecko/2010040121 Firefox/3.0.19"
173.192.238.34 - - [02/Apr/2013:00:49:45 -0700] "GET / HTTP/1.1" 200 3043 "-" "Mozilla/5.0 (X11; U; Linux x86_64; en-US; rv:1.9.0.19; aggregator:Spinn3r (Spinn3r 3.1); http://spinn3r.com/robot) Gecko/2010040121 Firefox/3.0.19"
218.30.103.154 - - [02/Apr/2013:00:53:46 -0700] "GET / HTTP/1.1" 304 0 "-" "Sogou web spider/4.0(+http://www.sogou.com/docs/help/webmasters.htm#07)"
72.14.199.207 - - [02/Apr/2013:01:10:22 -0700] "GET /feed/ HTTP/1.1" 404 1278 "-" "Feedfetcher-Google; (+http://www.google.com/feedfetcher.html; 6 subscribers; feed-id=10691212695698302218)"
101.226.167.201 - - [02/Apr/2013:01:13:12 -0700] "GET / HTTP/1.1" 200 3043 "http://www.jeremyosborne.com/" "Mozilla/4.0 (compatible; MSIE 8.0; Windows NT 6.1; Trident/4.0; SLCC2; .NET CLR 2.0.50727; .NET CLR 3.5.30729; .NET CLR 3.0.30729; Media Center PC 6.0; MDDR; .NET4.0C; .NET4.0E; .NET CLR 1.1.4322; Tablet PC 2.0); 360Spider"
173.192.238.44 - - [02/Apr/2013:01:18:20 -0700] "GET /rss.xml HTTP/1.1" 200 23008 "-" "Mozilla/5.0 (X11; U; Linux x86_64; en-US; rv:1.9.0.19; aggregator:Spinn3r (Spinn3r 3.1); http://spinn3r.com/robot) Gecko/2010040121 Firefox/3.0.19"
173.192.238.41 - - [02/Apr/2013:01:19:51 -0700] "GET / HTTP/1.1" 200 3043 "-" "Mozilla/5.0 (X11; U; Linux x86_64; en-US; rv:1.9.0.19; aggregator:Spinn3r (Spinn3r 3.1); http://spinn3r.com/robot) Gecko/2010040121 Firefox/3.0.19"
72.14.199.207 - - [02/Apr/2013:01:23:04 -0700] "GET /rss.xml HTTP/1.1" 304 0 "-" "Feedfetcher-Google; (+http://www.google.com/feedfetcher.html; 2 subscribers; feed-id=5949273836414294741)"
119.63.193.196 - - [02/Apr/2013:01:23:43 -0700] "GET / HTTP/1.1" 200 8007 "-" "Mozilla/4.0 (compatible; MSIE 7.0; Windows NT 6.0)"
61.135.249.74 - - [02/Apr/2013:01:31:41 -0700] "GET / HTTP/1.1" 200 3043 "-" "Mozilla/5.0 (compatible; YodaoBot/1.0; http://www.yodao.com/help/webmaster/spider/; )"
202.46.49.15 - - [02/Apr/2013:01:33:45 -0700] "GET /posts/Elminated__ScrumMaster.html HTTP/1.1" 200 2792 "-" "Mozilla/5.0 (Windows NT 5.1; rv:6.0.2) Gecko/20100101 Firefox/6.0.2"
202.46.62.33 - - [02/Apr/2013:01:33:45 -0700] "GET /posts/Eliminated__4_Bags_of_Clothes.html HTTP/1.1" 200 1644 "-" "Mozilla/5.0 (Windows NT 5.1; rv:6.0.2) Gecko/20100101 Firefox/6.0.2"
173.192.238.34 - - [02/Apr/2013:01:48:26 -0700] "GET /rss.xml HTTP/1.1" 200 23008 "-" "Mozilla/5.0 (X11; U; Linux x86_64; en-US; rv:1.9.0.19; aggregator:Spinn3r (Spinn3r 3.1); http://spinn3r.com/robot) Gecko/2010040121 Firefox/3.0.19"
174.37.205.76 - - [02/Apr/2013:01:49:56 -0700] "GET / HTTP/1.1" 200 3043 "-" "Mozilla/5.0 (X11; U; Linux x86_64; en-US; rv:1.9.0.19; aggregator:Spinn3r (Spinn3r 3.1); http://spinn3r.com/robot) Gecko/2010040121 Firefox/3.0.19"
204.12.228.34 - - [02/Apr/2013:02:01:52 -0700] "GET / HTTP/1.0" 200 8007 "-" "Mozilla/5.0 (compatible; MJ12bot/v1.4.3; http://www.majestic12.co.uk/bot.php?+)"
204.12.228.34 - - [02/Apr/2013:02:01:56 -0700] "GET / HTTP/1.0" 200 8007 "-" "Mozilla/5.0 (compatible; MJ12bot/v1.4.3; http://www.majestic12.co.uk/bot.php?+)"
69.171.233.5 - - [02/Apr/2013:02:10:22 -0700] "GET /feed/ HTTP/1.1" 404 1278 "-" "Mozilla/5.0 (compatible; FriendFeedBot/0.1; +Http://friendfeed.com/about/bot; 3 subscribers; feed-id=4234539050126265918)"
72.14.199.207 - - [02/Apr/2013:02:13:13 -0700] "GET /rss.xml HTTP/1.1" 304 0 "-" "Feedfetcher-Google; (+http://www.google.com/feedfetcher.html; 2 subscribers; feed-id=5949273836414294741)"
173.192.238.44 - - [02/Apr/2013:02:18:30 -0700] "GET /rss.xml HTTP/1.1" 200 23008 "-" "Mozilla/5.0 (X11; U; Linux x86_64; en-US; rv:1.9.0.19; aggregator:Spinn3r (Spinn3r 3.1); http://spinn3r.com/robot) Gecko/2010040121 Firefox/3.0.19"
174.37.205.76 - - [02/Apr/2013:02:20:05 -0700] "GET / HTTP/1.1" 200 3043 "-" "Mozilla/5.0 (X11; U; Linux x86_64; en-US; rv:1.9.0.19; aggregator:Spinn3r (Spinn3r 3.1); http://spinn3r.com/robot) Gecko/2010040121 Firefox/3.0.19"
71.19.144.96 - - [02/Apr/2013:02:35:19 -0700] "GET /feed.php HTTP/1.1" 404 56 "http://jeremyosborne.com/feed.php" "SimplePie/1.3.1 (Feed Parser; http://simplepie.org; Allow like Gecko) Build/20121030175911"
71.19.144.96 - - [02/Apr/2013:02:36:28 -0700] "GET /feed.php HTTP/1.1" 404 56 "http://jeremyosborne.com/feed.php" "SimplePie/1.3.1 (Feed Parser; http://simplepie.org; Allow like Gecko) Build/20121030175911"
71.19.144.96 - - [02/Apr/2013:02:38:37 -0700] "GET /feed.php HTTP/1.1" 404 56 "http://jeremyosborne.com/feed.php" "SimplePie/1.3.1 (Feed Parser; http://simplepie.org; Allow like Gecko) Build/20121030175911"
1.202.218.69 - - [02/Apr/2013:02:45:57 -0700] "HEAD / HTTP/1.1" 200 0 "-" "Mozilla/5.0 (compatible; JikeSpider; +http://shoulu.jike.com/spider.html)"
1.202.218.102 - - [02/Apr/2013:02:45:57 -0700] "GET / HTTP/1.1" 200 3043 "-" "Mozilla/5.0 (compatible; JikeSpider; +http://shoulu.jike.com/spider.html)"
174.36.228.156 - - [02/Apr/2013:02:48:42 -0700] "GET /rss.xml HTTP/1.1" 200 23008 "-" "Mozilla/5.0 (X11; U; Linux x86_64; en-US; rv:1.9.0.19; aggregator:Spinn3r (Spinn3r 3.1); http://spinn3r.com/robot) Gecko/2010040121 Firefox/3.0.19"
174.36.228.156 - - [02/Apr/2013:02:50:13 -0700] "GET / HTTP/1.1" 200 3043 "-" "Mozilla/5.0 (X11; U; Linux x86_64; en-US; rv:1.9.0.19; aggregator:Spinn3r (Spinn3r 3.1); http://spinn3r.com/robot) Gecko/2010040121 Firefox/3.0.19"
72.14.199.207 - - [02/Apr/2013:03:10:13 -0700] "GET /rss.xml HTTP/1.1" 304 0 "-" "Feedfetcher-Google; (+http://www.google.com/feedfetcher.html; 2 subscribers; feed-id=5949273836414294741)"
65.55.213.68 - - [02/Apr/2013:03:13:42 -0700] "GET / HTTP/1.1" 200 3043 "-" "msnbot/2.0b (+http://search.msn.com/msnbot.htm)"
